{
    "directory_structure": {
        "content": [
            [
                "ERR4334351",
                "ERR4334351/amplified-region-inference",
                "ERR4334351/amplified-region-inference/ERR4334351.16S.V3-V4.txt",
                "ERR4334351/amplified-region-inference/ERR4334351.tsv",
                "ERR4334351/asv",
                "ERR4334351/asv/16S-V3-V4",
                "ERR4334351/asv/16S-V3-V4/ERR4334351_16S-V3-V4_asv_read_counts.tsv",
                "ERR4334351/asv/ERR4334351_DADA2-PR2_asv_tax.tsv",
                "ERR4334351/asv/ERR4334351_DADA2-SILVA_asv_tax.tsv",
                "ERR4334351/asv/ERR4334351_asv_seqs.fasta",
                "ERR4334351/asv/ERR4334351_dada2_stats.tsv",
                "ERR4334351/primer-identification",
                "ERR4334351/primer-identification/ERR4334351.cutadapt.json",
                "ERR4334351/primer-identification/ERR4334351_primer_validation.tsv",
                "ERR4334351/primer-identification/fwd_primers.fasta",
                "ERR4334351/primer-identification/rev_primers.fasta",
                "ERR4334351/qc",
                "ERR4334351/qc/ERR4334351.fastp.json",
                "ERR4334351/qc/ERR4334351.merged.fastq.gz",
                "ERR4334351/qc/ERR4334351_multiqc_report.html",
                "ERR4334351/qc/ERR4334351_seqfu.tsv",
                "ERR4334351/qc/ERR4334351_suffix_header_err.json",
                "ERR4334351/sequence-categorisation",
                "ERR4334351/sequence-categorisation/ERR4334351.tblout.deoverlapped",
                "ERR4334351/sequence-categorisation/ERR4334351_SSU.fasta",
                "ERR4334351/sequence-categorisation/ERR4334351_SSU_rRNA_archaea.RF01959.fasta",
                "ERR4334351/sequence-categorisation/ERR4334351_SSU_rRNA_bacteria.RF00177.fasta",
                "ERR4334351/taxonomy-summary",
                "ERR4334351/taxonomy-summary/DADA2-PR2",
                "ERR4334351/taxonomy-summary/DADA2-PR2/ERR4334351_16S-V3-V4.html",
                "ERR4334351/taxonomy-summary/DADA2-PR2/ERR4334351_16S-V3-V4_DADA2-PR2_asv_krona_counts.txt",
                "ERR4334351/taxonomy-summary/DADA2-PR2/ERR4334351_DADA2-PR2.mseq",
                "ERR4334351/taxonomy-summary/DADA2-SILVA",
                "ERR4334351/taxonomy-summary/DADA2-SILVA/ERR4334351_16S-V3-V4.html",
                "ERR4334351/taxonomy-summary/DADA2-SILVA/ERR4334351_16S-V3-V4_DADA2-SILVA_asv_krona_counts.txt",
                "ERR4334351/taxonomy-summary/DADA2-SILVA/ERR4334351_DADA2-SILVA.mseq",
                "ERR4334351/taxonomy-summary/PR2",
                "ERR4334351/taxonomy-summary/PR2/ERR4334351.html",
                "ERR4334351/taxonomy-summary/PR2/ERR4334351_PR2.mseq",
                "ERR4334351/taxonomy-summary/PR2/ERR4334351_PR2.tsv",
                "ERR4334351/taxonomy-summary/PR2/ERR4334351_PR2.txt",
                "ERR4334351/taxonomy-summary/SILVA-SSU",
                "ERR4334351/taxonomy-summary/SILVA-SSU/ERR4334351.html",
                "ERR4334351/taxonomy-summary/SILVA-SSU/ERR4334351_SILVA-SSU.mseq",
                "ERR4334351/taxonomy-summary/SILVA-SSU/ERR4334351_SILVA-SSU.tsv",
                "ERR4334351/taxonomy-summary/SILVA-SSU/ERR4334351_SILVA-SSU.txt",
                "ERRNOREADS",
                "ERRNOREADS/qc",
                "ERRNOREADS/qc/ERRNOREADS.fastp.json",
                "ERRNOREADS/qc/ERRNOREADS.merged.fastq.gz",
                "ERRNOREADS/qc/ERRNOREADS_multiqc_report.html",
                "ERRNOREADS/qc/ERRNOREADS_seqfu.tsv",
                "ERRNOREADS/qc/ERRNOREADS_suffix_header_err.json",
                "ERRSEQFUFAIL",
                "ERRSEQFUFAIL/qc",
                "ERRSEQFUFAIL/qc/ERRSEQFUFAIL_seqfu.tsv",
                "ERRSFXHDFAIL",
                "ERRSFXHDFAIL/qc",
                "ERRSFXHDFAIL/qc/ERRSFXHDFAIL_seqfu.tsv",
                "ERRSFXHDFAIL/qc/ERRSFXHDFAIL_suffix_header_err.json",
                "MOCKDOUBLEAMP",
                "MOCKDOUBLEAMP/amplified-region-inference",
                "MOCKDOUBLEAMP/amplified-region-inference/MOCKDOUBLEAMP.16S.V3-V4.txt",
                "MOCKDOUBLEAMP/amplified-region-inference/MOCKDOUBLEAMP.18S.V9.txt",
                "MOCKDOUBLEAMP/amplified-region-inference/MOCKDOUBLEAMP.tsv",
                "MOCKDOUBLEAMP/asv",
                "MOCKDOUBLEAMP/asv/16S-V3-V4",
                "MOCKDOUBLEAMP/asv/16S-V3-V4/MOCKDOUBLEAMP_16S-V3-V4_asv_read_counts.tsv",
                "MOCKDOUBLEAMP/asv/18S-V9",
                "MOCKDOUBLEAMP/asv/18S-V9/MOCKDOUBLEAMP_18S-V9_asv_read_counts.tsv",
                "MOCKDOUBLEAMP/asv/MOCKDOUBLEAMP_DADA2-PR2_asv_tax.tsv",
                "MOCKDOUBLEAMP/asv/MOCKDOUBLEAMP_DADA2-SILVA_asv_tax.tsv",
                "MOCKDOUBLEAMP/asv/MOCKDOUBLEAMP_asv_seqs.fasta",
                "MOCKDOUBLEAMP/asv/MOCKDOUBLEAMP_dada2_stats.tsv",
                "MOCKDOUBLEAMP/asv/concat",
                "MOCKDOUBLEAMP/asv/concat/MOCKDOUBLEAMP_concat_asv_read_counts.tsv",
                "MOCKDOUBLEAMP/primer-identification",
                "MOCKDOUBLEAMP/primer-identification/MOCKDOUBLEAMP.cutadapt.json",
                "MOCKDOUBLEAMP/primer-identification/MOCKDOUBLEAMP_primer_validation.tsv",
                "MOCKDOUBLEAMP/primer-identification/fwd_primers.fasta",
                "MOCKDOUBLEAMP/primer-identification/rev_primers.fasta",
                "MOCKDOUBLEAMP/qc",
                "MOCKDOUBLEAMP/qc/MOCKDOUBLEAMP.fastp.json",
                "MOCKDOUBLEAMP/qc/MOCKDOUBLEAMP.merged.fastq.gz",
                "MOCKDOUBLEAMP/qc/MOCKDOUBLEAMP_multiqc_report.html",
                "MOCKDOUBLEAMP/qc/MOCKDOUBLEAMP_seqfu.tsv",
                "MOCKDOUBLEAMP/qc/MOCKDOUBLEAMP_suffix_header_err.json",
                "MOCKDOUBLEAMP/sequence-categorisation",
                "MOCKDOUBLEAMP/sequence-categorisation/MOCKDOUBLEAMP.tblout.deoverlapped",
                "MOCKDOUBLEAMP/sequence-categorisation/MOCKDOUBLEAMP_SSU.fasta",
                "MOCKDOUBLEAMP/sequence-categorisation/MOCKDOUBLEAMP_SSU_rRNA_archaea.RF01959.fasta",
                "MOCKDOUBLEAMP/sequence-categorisation/MOCKDOUBLEAMP_SSU_rRNA_bacteria.RF00177.fasta",
                "MOCKDOUBLEAMP/sequence-categorisation/MOCKDOUBLEAMP_SSU_rRNA_eukarya.RF01960.fasta",
                "MOCKDOUBLEAMP/taxonomy-summary",
                "MOCKDOUBLEAMP/taxonomy-summary/DADA2-PR2",
                "MOCKDOUBLEAMP/taxonomy-summary/DADA2-PR2/MOCKDOUBLEAMP_16S-V3-V4.html",
                "MOCKDOUBLEAMP/taxonomy-summary/DADA2-PR2/MOCKDOUBLEAMP_16S-V3-V4_DADA2-PR2_asv_krona_counts.txt",
                "MOCKDOUBLEAMP/taxonomy-summary/DADA2-PR2/MOCKDOUBLEAMP_18S-V9.html",
                "MOCKDOUBLEAMP/taxonomy-summary/DADA2-PR2/MOCKDOUBLEAMP_18S-V9_DADA2-PR2_asv_krona_counts.txt",
                "MOCKDOUBLEAMP/taxonomy-summary/DADA2-PR2/MOCKDOUBLEAMP_DADA2-PR2.mseq",
                "MOCKDOUBLEAMP/taxonomy-summary/DADA2-PR2/MOCKDOUBLEAMP_concat.html",
                "MOCKDOUBLEAMP/taxonomy-summary/DADA2-PR2/MOCKDOUBLEAMP_concat_DADA2-PR2_asv_krona_counts.txt",
                "MOCKDOUBLEAMP/taxonomy-summary/DADA2-SILVA",
                "MOCKDOUBLEAMP/taxonomy-summary/DADA2-SILVA/MOCKDOUBLEAMP_16S-V3-V4.html",
                "MOCKDOUBLEAMP/taxonomy-summary/DADA2-SILVA/MOCKDOUBLEAMP_16S-V3-V4_DADA2-SILVA_asv_krona_counts.txt",
                "MOCKDOUBLEAMP/taxonomy-summary/DADA2-SILVA/MOCKDOUBLEAMP_18S-V9.html",
                "MOCKDOUBLEAMP/taxonomy-summary/DADA2-SILVA/MOCKDOUBLEAMP_18S-V9_DADA2-SILVA_asv_krona_counts.txt",
                "MOCKDOUBLEAMP/taxonomy-summary/DADA2-SILVA/MOCKDOUBLEAMP_DADA2-SILVA.mseq",
                "MOCKDOUBLEAMP/taxonomy-summary/DADA2-SILVA/MOCKDOUBLEAMP_concat.html",
                "MOCKDOUBLEAMP/taxonomy-summary/DADA2-SILVA/MOCKDOUBLEAMP_concat_DADA2-SILVA_asv_krona_counts.txt",
                "MOCKDOUBLEAMP/taxonomy-summary/PR2",
                "MOCKDOUBLEAMP/taxonomy-summary/PR2/MOCKDOUBLEAMP.html",
                "MOCKDOUBLEAMP/taxonomy-summary/PR2/MOCKDOUBLEAMP_PR2.mseq",
                "MOCKDOUBLEAMP/taxonomy-summary/PR2/MOCKDOUBLEAMP_PR2.tsv",
                "MOCKDOUBLEAMP/taxonomy-summary/PR2/MOCKDOUBLEAMP_PR2.txt",
                "MOCKDOUBLEAMP/taxonomy-summary/SILVA-SSU",
                "MOCKDOUBLEAMP/taxonomy-summary/SILVA-SSU/MOCKDOUBLEAMP.html",
                "MOCKDOUBLEAMP/taxonomy-summary/SILVA-SSU/MOCKDOUBLEAMP_SILVA-SSU.mseq",
                "MOCKDOUBLEAMP/taxonomy-summary/SILVA-SSU/MOCKDOUBLEAMP_SILVA-SSU.tsv",
                "MOCKDOUBLEAMP/taxonomy-summary/SILVA-SSU/MOCKDOUBLEAMP_SILVA-SSU.txt",
                "bco.json",
                "pipeline_info",
                "primer_validation_summary.json",
                "qc_failed_runs.csv",
                "qc_passed_runs.csv",
                "study_multiqc_report.html",
                "test_samplesheet_mixed_amp.csv"
            ]
        ],
        "timestamp": "2026-02-19T21:22:29.954912",
        "meta": {
            "nf-test": "0.9.4",
            "nextflow": "25.10.4"
        }
    },
    "line_counts": {
        "content": [
            [
                "ERR4334351.cutadapt.json - 119 lines",
                "ERR4334351.fastp.json - 326 lines",
                "ERR4334351.tsv - 2 lines",
                "ERR4334351_16S-V3-V4_asv_read_counts.tsv - 114 lines",
                "ERR4334351_DADA2-PR2_asv_tax.tsv - 99 lines",
                "ERR4334351_DADA2-SILVA_asv_tax.tsv - 114 lines",
                "ERR4334351_PR2.tsv - 7 lines",
                "ERR4334351_SILVA-SSU.tsv - 7 lines",
                "ERR4334351_SSU.fasta - 48925 lines",
                "ERR4334351_SSU_rRNA_archaea.RF01959.fasta - 9 lines",
                "ERR4334351_SSU_rRNA_bacteria.RF00177.fasta - 48916 lines",
                "ERR4334351_asv_seqs.fasta - 226 lines",
                "ERR4334351_dada2_stats.tsv - 4 lines",
                "ERR4334351_primer_validation.tsv - 3 lines",
                "ERR4334351_seqfu.tsv - 1 lines",
                "ERR4334351_suffix_header_err.json - 0 lines",
                "ERRNOREADS.fastp.json - 326 lines",
                "ERRNOREADS_seqfu.tsv - 1 lines",
                "ERRNOREADS_suffix_header_err.json - 0 lines",
                "ERRSEQFUFAIL_seqfu.tsv - 1 lines",
                "ERRSFXHDFAIL_seqfu.tsv - 1 lines",
                "ERRSFXHDFAIL_suffix_header_err.json - 1 lines",
                "MOCKDOUBLEAMP.cutadapt.json - 173 lines",
                "MOCKDOUBLEAMP.fastp.json - 326 lines",
                "MOCKDOUBLEAMP.tsv - 3 lines",
                "MOCKDOUBLEAMP_16S-V3-V4_asv_read_counts.tsv - 104 lines",
                "MOCKDOUBLEAMP_18S-V9_asv_read_counts.tsv - 3 lines",
                "MOCKDOUBLEAMP_DADA2-PR2_asv_tax.tsv - 94 lines",
                "MOCKDOUBLEAMP_DADA2-SILVA_asv_tax.tsv - 106 lines",
                "MOCKDOUBLEAMP_PR2.tsv - 6 lines",
                "MOCKDOUBLEAMP_SILVA-SSU.tsv - 6 lines",
                "MOCKDOUBLEAMP_SSU.fasta - 70532 lines",
                "MOCKDOUBLEAMP_SSU_rRNA_archaea.RF01959.fasta - 88 lines",
                "MOCKDOUBLEAMP_SSU_rRNA_bacteria.RF00177.fasta - 47619 lines",
                "MOCKDOUBLEAMP_SSU_rRNA_eukarya.RF01960.fasta - 22825 lines",
                "MOCKDOUBLEAMP_asv_seqs.fasta - 210 lines",
                "MOCKDOUBLEAMP_concat_asv_read_counts.tsv - 106 lines",
                "MOCKDOUBLEAMP_dada2_stats.tsv - 4 lines",
                "MOCKDOUBLEAMP_primer_validation.tsv - 5 lines",
                "MOCKDOUBLEAMP_seqfu.tsv - 1 lines",
                "MOCKDOUBLEAMP_suffix_header_err.json - 0 lines",
                "bco.json - 4587 lines",
                "fwd_primers.fasta - 2 lines",
                "fwd_primers.fasta - 4 lines",
                "primer_validation_summary.json - 54 lines",
                "rev_primers.fasta - 2 lines",
                "rev_primers.fasta - 4 lines"
            ]
        ],
        "timestamp": "2026-02-19T21:22:30.153146",
        "meta": {
            "nf-test": "0.9.4",
            "nextflow": "25.10.4"
        }
    },
    "file_sizes": {
        "content": [
            [
                "ERR4334351.16S.V3-V4.txt - 85979 bytes",
                "ERR4334351.cutadapt.json - 3360 bytes",
                "ERR4334351.fastp.json - 142694 bytes",
                "ERR4334351.html - 227418 bytes",
                "ERR4334351.html - 227581 bytes",
                "ERR4334351.merged.fastq.gz - 907300 bytes",
                "ERR4334351.tblout.deoverlapped - 841605 bytes",
                "ERR4334351.tsv - 139 bytes",
                "ERR4334351_16S-V3-V4.html - 227399 bytes",
                "ERR4334351_16S-V3-V4.html - 227562 bytes",
                "ERR4334351_16S-V3-V4_DADA2-PR2_asv_krona_counts.txt - 501 bytes",
                "ERR4334351_16S-V3-V4_DADA2-SILVA_asv_krona_counts.txt - 272 bytes",
                "ERR4334351_16S-V3-V4_asv_read_counts.tsv - 1121 bytes",
                "ERR4334351_DADA2-PR2.mseq - 11019 bytes",
                "ERR4334351_DADA2-PR2_asv_tax.tsv - 6111 bytes",
                "ERR4334351_DADA2-SILVA.mseq - 10782 bytes",
                "ERR4334351_DADA2-SILVA_asv_tax.tsv - 4997 bytes",
                "ERR4334351_PR2.mseq - 773551 bytes",
                "ERR4334351_PR2.tsv - 693 bytes",
                "ERR4334351_PR2.txt - 611 bytes",
                "ERR4334351_SILVA-SSU.mseq - 690708 bytes",
                "ERR4334351_SILVA-SSU.tsv - 438 bytes",
                "ERR4334351_SILVA-SSU.txt - 339 bytes",
                "ERR4334351_SSU.fasta - 3061214 bytes",
                "ERR4334351_SSU_rRNA_archaea.RF01959.fasta - 533 bytes",
                "ERR4334351_SSU_rRNA_bacteria.RF00177.fasta - 3060681 bytes",
                "ERR4334351_asv_seqs.fasta - 47888 bytes",
                "ERR4334351_dada2_stats.tsv - 118 bytes",
                "ERR4334351_multiqc_report.html - 4636048 bytes",
                "ERR4334351_primer_validation.tsv - 250 bytes",
                "ERR4334351_seqfu.tsv - 50 bytes",
                "ERR4334351_suffix_header_err.json - 0 bytes",
                "ERRNOREADS.fastp.json - 54939 bytes",
                "ERRNOREADS.merged.fastq.gz - 0 bytes",
                "ERRNOREADS_multiqc_report.html - 4609139 bytes",
                "ERRNOREADS_seqfu.tsv - 43 bytes",
                "ERRNOREADS_suffix_header_err.json - 0 bytes",
                "ERRSEQFUFAIL_seqfu.tsv - 158 bytes",
                "ERRSFXHDFAIL_seqfu.tsv - 41 bytes",
                "ERRSFXHDFAIL_suffix_header_err.json - 358 bytes",
                "MOCKDOUBLEAMP.16S.V3-V4.txt - 89946 bytes",
                "MOCKDOUBLEAMP.18S.V9.txt - 90157 bytes",
                "MOCKDOUBLEAMP.cutadapt.json - 5275 bytes",
                "MOCKDOUBLEAMP.fastp.json - 144608 bytes",
                "MOCKDOUBLEAMP.html - 227153 bytes",
                "MOCKDOUBLEAMP.html - 227391 bytes",
                "MOCKDOUBLEAMP.merged.fastq.gz - 1331679 bytes",
                "MOCKDOUBLEAMP.tblout.deoverlapped - 1478518 bytes",
                "MOCKDOUBLEAMP.tsv - 215 bytes",
                "MOCKDOUBLEAMP_16S-V3-V4.html - 226656 bytes",
                "MOCKDOUBLEAMP_16S-V3-V4.html - 227262 bytes",
                "MOCKDOUBLEAMP_16S-V3-V4_DADA2-PR2_asv_krona_counts.txt - 262 bytes",
                "MOCKDOUBLEAMP_16S-V3-V4_DADA2-SILVA_asv_krona_counts.txt - 22 bytes",
                "MOCKDOUBLEAMP_16S-V3-V4_asv_read_counts.tsv - 1075 bytes",
                "MOCKDOUBLEAMP_18S-V9.html - 226640 bytes",
                "MOCKDOUBLEAMP_18S-V9.html - 226641 bytes",
                "MOCKDOUBLEAMP_18S-V9_DADA2-PR2_asv_krona_counts.txt - 22 bytes",
                "MOCKDOUBLEAMP_18S-V9_DADA2-SILVA_asv_krona_counts.txt - 19 bytes",
                "MOCKDOUBLEAMP_18S-V9_asv_read_counts.tsv - 30 bytes",
                "MOCKDOUBLEAMP_DADA2-PR2.mseq - 9292 bytes",
                "MOCKDOUBLEAMP_DADA2-PR2_asv_tax.tsv - 4759 bytes",
                "MOCKDOUBLEAMP_DADA2-SILVA.mseq - 9719 bytes",
                "MOCKDOUBLEAMP_DADA2-SILVA_asv_tax.tsv - 4434 bytes",
                "MOCKDOUBLEAMP_PR2.mseq - 645080 bytes",
                "MOCKDOUBLEAMP_PR2.tsv - 496 bytes",
                "MOCKDOUBLEAMP_PR2.txt - 420 bytes",
                "MOCKDOUBLEAMP_SILVA-SSU.mseq - 657473 bytes",
                "MOCKDOUBLEAMP_SILVA-SSU.tsv - 304 bytes",
                "MOCKDOUBLEAMP_SILVA-SSU.txt - 217 bytes",
                "MOCKDOUBLEAMP_SSU.fasta - 4356854 bytes",
                "MOCKDOUBLEAMP_SSU_rRNA_archaea.RF01959.fasta - 4374 bytes",
                "MOCKDOUBLEAMP_SSU_rRNA_bacteria.RF00177.fasta - 3003201 bytes",
                "MOCKDOUBLEAMP_SSU_rRNA_eukarya.RF01960.fasta - 1349279 bytes",
                "MOCKDOUBLEAMP_asv_seqs.fasta - 44892 bytes",
                "MOCKDOUBLEAMP_concat.html - 226658 bytes",
                "MOCKDOUBLEAMP_concat.html - 227264 bytes",
                "MOCKDOUBLEAMP_concat_DADA2-PR2_asv_krona_counts.txt - 262 bytes",
                "MOCKDOUBLEAMP_concat_DADA2-SILVA_asv_krona_counts.txt - 22 bytes",
                "MOCKDOUBLEAMP_concat_asv_read_counts.tsv - 1095 bytes",
                "MOCKDOUBLEAMP_dada2_stats.tsv - 133 bytes",
                "MOCKDOUBLEAMP_multiqc_report.html - 4636962 bytes",
                "MOCKDOUBLEAMP_primer_validation.tsv - 420 bytes",
                "MOCKDOUBLEAMP_seqfu.tsv - 50 bytes",
                "MOCKDOUBLEAMP_suffix_header_err.json - 0 bytes",
                "fwd_primers.fasta - 24 bytes",
                "fwd_primers.fasta - 48 bytes",
                "primer_validation_summary.json - 1504 bytes",
                "qc_failed_runs.csv - 68 bytes",
                "qc_passed_runs.csv - 49 bytes",
                "rev_primers.fasta - 28 bytes",
                "rev_primers.fasta - 56 bytes",
                "study_multiqc_report.html - 4655006 bytes"
            ]
        ],
        "timestamp": "2026-02-19T21:22:29.976619",
        "meta": {
            "nf-test": "0.9.4",
            "nextflow": "25.10.4"
        }
    }
}