{
    "dada2_truncation_points_fail": {
        "content": [
            [
                [
                    {
                        "id": "test",
                        "single_end": false
                    },
                    "test_dada2_truncation_points.tsv:md5,73e457151d15bb898be73b2f4f7eac86"
                ]
            ]
        ],
        "timestamp": "2026-04-10T09:31:07.380276497",
        "meta": {
            "nf-test": "0.9.5",
            "nextflow": "25.10.4"
        }
    },
    "dada2_out": {
        "content": [
            [
                
            ]
        ],
        "timestamp": "2026-04-10T09:30:31.487820602",
        "meta": {
            "nf-test": "0.9.5",
            "nextflow": "25.10.4"
        }
    },
    "dada2_errors": {
        "content": [
            [
                [
                    {
                        "id": "test",
                        "single_end": false
                    },
                    "test_dada2_errors.txt:md5,f8974846da6e846b9ca6559387b0242d"
                ]
            ]
        ],
        "timestamp": "2026-04-10T09:31:07.372251269",
        "meta": {
            "nf-test": "0.9.5",
            "nextflow": "25.10.4"
        }
    },
    "dada2_truncation_points_success": {
        "content": [
            [
                [
                    {
                        "id": "test",
                        "single_end": false
                    },
                    "test_dada2_truncation_points.tsv:md5,22003c0a6bc7eca086464655dc9628ee"
                ]
            ]
        ],
        "timestamp": "2026-04-10T09:30:31.503989691",
        "meta": {
            "nf-test": "0.9.5",
            "nextflow": "25.10.4"
        }
    },
    "dada2_stats": {
        "content": [
            [
                
            ]
        ],
        "timestamp": "2026-04-10T09:30:31.500622431",
        "meta": {
            "nf-test": "0.9.5",
            "nextflow": "25.10.4"
        }
    }
}