{
    "dada2_truncation_points_fail": {
        "content": [
            [
                [
                    {
                        "id": "test",
                        "single_end": false
                    },
                    "test_dada2_truncation_points.tsv:md5,73e457151d15bb898be73b2f4f7eac86"
                ]
            ]
        ],
        "timestamp": "2026-04-09T15:22:55.602499705",
        "meta": {
            "nf-test": "0.9.5",
            "nextflow": "25.10.4"
        }
    },
    "dada2_out": {
        "content": [
            [
                
            ]
        ],
        "timestamp": "2026-04-09T15:22:22.57707921",
        "meta": {
            "nf-test": "0.9.5",
            "nextflow": "25.10.4"
        }
    },
    "dada2_errors": {
        "content": [
            [
                [
                    {
                        "id": "test",
                        "single_end": false
                    },
                    "test_dada2_errors.txt:md5,349490a0c97325eb1c82c3541d1ff67b"
                ]
            ]
        ],
        "timestamp": "2026-04-09T15:22:55.594544891",
        "meta": {
            "nf-test": "0.9.5",
            "nextflow": "25.10.4"
        }
    },
    "dada2_truncation_points_success": {
        "content": [
            [
                [
                    {
                        "id": "test",
                        "single_end": false
                    },
                    "test_dada2_truncation_points.tsv:md5,22003c0a6bc7eca086464655dc9628ee"
                ]
            ]
        ],
        "timestamp": "2026-04-09T15:22:22.589262347",
        "meta": {
            "nf-test": "0.9.5",
            "nextflow": "25.10.4"
        }
    },
    "dada2_stats": {
        "content": [
            [
                
            ]
        ],
        "timestamp": "2026-04-09T15:22:22.586803193",
        "meta": {
            "nf-test": "0.9.5",
            "nextflow": "25.10.4"
        }
    }
}