{
    "its_sanity_checker successful test": {
        "content": [
            [
                [
                    {
                        "id": "test",
                        "single_end": false
                    },
                    "test_its_sanity_check.json:md5,4f1468381fed30c3f59b340561c46e87"
                ]
            ],
            [
                [
                    {
                        "id": "test",
                        "single_end": false
                    },
                    "test_its_sanity_check_mqc.tsv:md5,509340c6bf295f6cb7c45f3a49e0a20a"
                ]
            ]
        ],
        "meta": {
            "nf-test": "0.9.2",
            "nextflow": "25.10.0"
        },
        "timestamp": "2026-02-16T16:03:28.071451"
    },
    "its_sanity_checker unsuccessful test": {
        "content": [
            [
                [
                    {
                        "id": "test",
                        "single_end": false
                    },
                    "test_its_sanity_check.json:md5,766f4e0449bd81163c53898903e082f8"
                ]
            ],
            [
                [
                    {
                        "id": "test",
                        "single_end": false
                    },
                    "test_its_sanity_check_mqc.tsv:md5,3ff4f799301d4bb9a025db24323b084a"
                ]
            ]
        ],
        "meta": {
            "nf-test": "0.9.2",
            "nextflow": "25.10.0"
        },
        "timestamp": "2026-02-16T16:03:33.079704"
    }
}